App.tsx(1,8): error TS1259: Module '"D:/Truck-Maintenance-Management-System/node_modules/@types/react/index"' can only be default-imported using the 'esModuleInterop' flag
App.tsx(8,21): error TS6142: Module './components/Sidebar' was resolved to 'D:/Truck-Maintenance-Management-System/components/Sidebar.tsx', but '--jsx' is not set.
App.tsx(9,20): error TS6142: Module './components/Header' was resolved to 'D:/Truck-Maintenance-Management-System/components/Header.tsx', but '--jsx' is not set.
App.tsx(10,23): error TS6142: Module './components/Dashboard' was resolved to 'D:/Truck-Maintenance-Management-System/components/Dashboard.tsx', but '--jsx' is not set.
App.tsx(11,24): error TS6142: Module './components/RepairForm' was resolved to 'D:/Truck-Maintenance-Management-System/components/RepairForm.tsx', but '--jsx' is not set.
App.tsx(12,24): error TS6142: Module './components/RepairList' was resolved to 'D:/Truck-Maintenance-Management-System/components/RepairList.tsx', but '--jsx' is not set.
App.tsx(13,27): error TS6142: Module './components/RepairHistory' was resolved to 'D:/Truck-Maintenance-Management-System/components/RepairHistory.tsx', but '--jsx' is not set.
App.tsx(14,29): error TS6142: Module './components/StockManagement' was resolved to 'D:/Truck-Maintenance-Management-System/components/StockManagement.tsx', but '--jsx' is not set.
App.tsx(15,34): error TS6142: Module './components/TechnicianManagement' was resolved to 'D:/Truck-Maintenance-Management-System/components/TechnicianManagement.tsx', but '--jsx' is not set.
App.tsx(16,31): error TS6142: Module './context/ToastContext' was resolved to 'D:/Truck-Maintenance-Management-System/context/ToastContext.tsx', but '--jsx' is not set.
App.tsx(17,28): error TS6142: Module './components/ToastContainer' was resolved to 'D:/Truck-Maintenance-Management-System/components/ToastContainer.tsx', but '--jsx' is not set.
App.tsx(18,21): error TS6142: Module './components/Reports' was resolved to 'D:/Truck-Maintenance-Management-System/components/Reports.tsx', but '--jsx' is not set.
App.tsx(19,32): error TS6142: Module './components/MaintenancePlanner' was resolved to 'D:/Truck-Maintenance-Management-System/components/MaintenancePlanner.tsx', but '--jsx' is not set.
App.tsx(20,24): error TS6142: Module './components/Estimation' was resolved to 'D:/Truck-Maintenance-Management-System/components/Estimation.tsx', but '--jsx' is not set.
App.tsx(21,35): error TS6142: Module './components/TechnicianPerformance' was resolved to 'D:/Truck-Maintenance-Management-System/components/TechnicianPerformance.tsx', but '--jsx' is not set.
App.tsx(22,31): error TS6142: Module './components/TechnicianWorkLog' was resolved to 'D:/Truck-Maintenance-Management-System/components/TechnicianWorkLog.tsx', but '--jsx' is not set.
App.tsx(23,34): error TS6142: Module './components/VehicleRepairHistory' was resolved to 'D:/Truck-Maintenance-Management-System/components/VehicleRepairHistory.tsx', but '--jsx' is not set.
App.tsx(24,26): error TS6142: Module './components/StockHistory' was resolved to 'D:/Truck-Maintenance-Management-System/components/StockHistory.tsx', but '--jsx' is not set.
App.tsx(25,42): error TS6142: Module './components/PurchaseRequisition' was resolved to 'D:/Truck-Maintenance-Management-System/components/PurchaseRequisition.tsx', but '--jsx' is not set.
App.tsx(26,31): error TS6142: Module './components/VehicleManagement' was resolved to 'D:/Truck-Maintenance-Management-System/components/VehicleManagement.tsx', but '--jsx' is not set.
App.tsx(27,32): error TS6142: Module './components/SupplierManagement' was resolved to 'D:/Truck-Maintenance-Management-System/components/SupplierManagement.tsx', but '--jsx' is not set.
App.tsx(28,37): error TS6142: Module './components/UsedPartBuyerManagement' was resolved to 'D:/Truck-Maintenance-Management-System/components/UsedPartBuyerManagement.tsx', but '--jsx' is not set.
App.tsx(29,28): error TS6142: Module './components/UsedPartReport' was resolved to 'D:/Truck-Maintenance-Management-System/components/UsedPartReport.tsx', but '--jsx' is not set.
App.tsx(30,28): error TS6142: Module './components/TechnicianView' was resolved to 'D:/Truck-Maintenance-Management-System/components/TechnicianView.tsx', but '--jsx' is not set.
App.tsx(31,35): error TS6142: Module './components/PreventiveMaintenance' was resolved to 'D:/Truck-Maintenance-Management-System/components/PreventiveMaintenance.tsx', but '--jsx' is not set.
App.tsx(32,32): error TS6142: Module './components/DailyChecklistPage' was resolved to 'D:/Truck-Maintenance-Management-System/components/DailyChecklistPage.tsx', but '--jsx' is not set.
App.tsx(33,27): error TS6142: Module './components/TireCheckPage' was resolved to 'D:/Truck-Maintenance-Management-System/components/TireCheckPage.tsx', but '--jsx' is not set.
App.tsx(34,28): error TS6142: Module './components/ToolManagement' was resolved to 'D:/Truck-Maintenance-Management-System/components/ToolManagement.tsx', but '--jsx' is not set.
App.tsx(35,26): error TS6142: Module './components/KPIDashboard' was resolved to 'D:/Truck-Maintenance-Management-System/components/KPIDashboard.tsx', but '--jsx' is not set.
App.tsx(36,27): error TS6142: Module './components/KPIManagement' was resolved to 'D:/Truck-Maintenance-Management-System/components/KPIManagement.tsx', but '--jsx' is not set.
App.tsx(37,22): error TS6142: Module './components/Settings' was resolved to 'D:/Truck-Maintenance-Management-System/components/Settings.tsx', but '--jsx' is not set.
App.tsx(38,31): error TS6142: Module './components/FleetKPIDashboard' was resolved to 'D:/Truck-Maintenance-Management-System/components/FleetKPIDashboard.tsx', but '--jsx' is not set.
App.tsx(39,32): error TS6142: Module './components/AnalyticsDashboard' was resolved to 'D:/Truck-Maintenance-Management-System/components/AnalyticsDashboard.tsx', but '--jsx' is not set.
App.tsx(40,37): error TS6142: Module './components/PurchaseOrderManagement' was resolved to 'D:/Truck-Maintenance-Management-System/components/PurchaseOrderManagement.tsx', but '--jsx' is not set.
App.tsx(41,30): error TS6142: Module './components/BudgetManagement' was resolved to 'D:/Truck-Maintenance-Management-System/components/BudgetManagement.tsx', but '--jsx' is not set.
App.tsx(42,28): error TS6142: Module './components/FuelManagement' was resolved to 'D:/Truck-Maintenance-Management-System/components/FuelManagement.tsx', but '--jsx' is not set.
App.tsx(43,30): error TS6142: Module './components/DriverManagement' was resolved to 'D:/Truck-Maintenance-Management-System/components/DriverManagement.tsx', but '--jsx' is not set.
App.tsx(44,41): error TS6142: Module './components/WarrantyInsuranceManagement' was resolved to 'D:/Truck-Maintenance-Management-System/components/WarrantyInsuranceManagement.tsx', but '--jsx' is not set.
App.tsx(45,19): error TS6142: Module './components/Login' was resolved to 'D:/Truck-Maintenance-Management-System/components/Login.tsx', but '--jsx' is not set.
App.tsx(47,29): error TS6142: Module './components/IncidentLogPage' was resolved to 'D:/Truck-Maintenance-Management-System/components/IncidentLogPage.tsx', but '--jsx' is not set.
App.tsx(104,24): error TS17004: Cannot use JSX unless the '--jsx' flag is provided.
App.tsx(106,24): error TS17004: Cannot use JSX unless the '--jsx' flag is provided.
App.tsx(122,24): error TS17004: Cannot use JSX unless the '--jsx' flag is provided.
App.tsx(137,24): error TS17004: Cannot use JSX unless the '--jsx' flag is provided.
App.tsx(151,24): error TS17004: Cannot use JSX unless the '--jsx' flag is provided.
App.tsx(165,24): error TS17004: Cannot use JSX unless the '--jsx' flag is provided.
App.tsx(167,24): error TS17004: Cannot use JSX unless the '--jsx' flag is provided.
App.tsx(184,24): error TS17004: Cannot use JSX unless the '--jsx' flag is provided.
App.tsx(186,24): error TS17004: Cannot use JSX unless the '--jsx' flag is provided.
App.tsx(195,24): error TS17004: Cannot use JSX unless the '--jsx' flag is provided.
App.tsx(206,24): error TS17004: Cannot use JSX unless the '--jsx' flag is provided.
App.tsx(208,24): error TS17004: Cannot use JSX unless the '--jsx' flag is provided.
App.tsx(210,24): error TS17004: Cannot use JSX unless the '--jsx' flag is provided.
App.tsx(212,24): error TS17004: Cannot use JSX unless the '--jsx' flag is provided.
App.tsx(214,24): error TS17004: Cannot use JSX unless the '--jsx' flag is provided.
App.tsx(216,24): error TS17004: Cannot use JSX unless the '--jsx' flag is provided.
App.tsx(218,24): error TS17004: Cannot use JSX unless the '--jsx' flag is provided.
App.tsx(220,24): error TS17004: Cannot use JSX unless the '--jsx' flag is provided.
App.tsx(222,24): error TS17004: Cannot use JSX unless the '--jsx' flag is provided.
App.tsx(234,24): error TS17004: Cannot use JSX unless the '--jsx' flag is provided.
App.tsx(237,24): error TS17004: Cannot use JSX unless the '--jsx' flag is provided.
App.tsx(248,24): error TS17004: Cannot use JSX unless the '--jsx' flag is provided.
App.tsx(257,24): error TS17004: Cannot use JSX unless the '--jsx' flag is provided.
App.tsx(259,24): error TS17004: Cannot use JSX unless the '--jsx' flag is provided.
App.tsx(267,24): error TS17004: Cannot use JSX unless the '--jsx' flag is provided.
App.tsx(269,24): error TS17004: Cannot use JSX unless the '--jsx' flag is provided.
App.tsx(271,24): error TS17004: Cannot use JSX unless the '--jsx' flag is provided.
App.tsx(273,24): error TS17004: Cannot use JSX unless the '--jsx' flag is provided.
App.tsx(288,24): error TS17004: Cannot use JSX unless the '--jsx' flag is provided.
App.tsx(290,24): error TS17004: Cannot use JSX unless the '--jsx' flag is provided.
App.tsx(292,24): error TS17004: Cannot use JSX unless the '--jsx' flag is provided.
App.tsx(297,9): error TS17004: Cannot use JSX unless the '--jsx' flag is provided.
App.tsx(298,13): error TS17004: Cannot use JSX unless the '--jsx' flag is provided.
App.tsx(307,13): error TS17004: Cannot use JSX unless the '--jsx' flag is provided.
App.tsx(308,17): error TS17004: Cannot use JSX unless the '--jsx' flag is provided.
App.tsx(321,17): error TS17004: Cannot use JSX unless the '--jsx' flag is provided.
App.tsx(348,9): error TS17004: Cannot use JSX unless the '--jsx' flag is provided.
App.tsx(350,17): error TS17004: Cannot use JSX unless the '--jsx' flag is provided.
App.tsx(351,21): error TS17004: Cannot use JSX unless the '--jsx' flag is provided.
App.tsx(354,17): error TS17004: Cannot use JSX unless the '--jsx' flag is provided.
App.tsx(356,13): error TS17004: Cannot use JSX unless the '--jsx' flag is provided.
components/IncidentLogPage.tsx(1,8): error TS1259: Module '"D:/Truck-Maintenance-Management-System/node_modules/@types/react/index"' can only be default-imported using the 'esModuleInterop' flag
components/IncidentLogPage.tsx(105,9): error TS17004: Cannot use JSX unless the '--jsx' flag is provided.
components/IncidentLogPage.tsx(107,13): error TS17004: Cannot use JSX unless the '--jsx' flag is provided.
components/IncidentLogPage.tsx(108,17): error TS17004: Cannot use JSX unless the '--jsx' flag is provided.
components/IncidentLogPage.tsx(109,21): error TS17004: Cannot use JSX unless the '--jsx' flag is provided.
components/IncidentLogPage.tsx(110,25): error TS17004: Cannot use JSX unless the '--jsx' flag is provided.
components/IncidentLogPage.tsx(112,21): error TS17004: Cannot use JSX unless the '--jsx' flag is provided.
components/IncidentLogPage.tsx(113,25): error TS17004: Cannot use JSX unless the '--jsx' flag is provided.
components/IncidentLogPage.tsx(114,25): error TS17004: Cannot use JSX unless the '--jsx' flag is provided.
components/IncidentLogPage.tsx(118,17): error TS17004: Cannot use JSX unless the '--jsx' flag is provided.
components/IncidentLogPage.tsx(119,21): error TS17004: Cannot use JSX unless the '--jsx' flag is provided.
components/IncidentLogPage.tsx(123,25): error TS17004: Cannot use JSX unless the '--jsx' flag is provided.
components/IncidentLogPage.tsx(124,25): error TS17004: Cannot use JSX unless the '--jsx' flag is provided.
components/IncidentLogPage.tsx(126,21): error TS17004: Cannot use JSX unless the '--jsx' flag is provided.
components/IncidentLogPage.tsx(130,25): error TS17004: Cannot use JSX unless the '--jsx' flag is provided.
components/IncidentLogPage.tsx(131,25): error TS17004: Cannot use JSX unless the '--jsx' flag is provided.
components/IncidentLogPage.tsx(137,13): error TS17004: Cannot use JSX unless the '--jsx' flag is provided.
components/IncidentLogPage.tsx(138,17): error TS17004: Cannot use JSX unless the '--jsx' flag is provided.
components/IncidentLogPage.tsx(139,21): error TS17004: Cannot use JSX unless the '--jsx' flag is provided.
components/IncidentLogPage.tsx(140,25): error TS17004: Cannot use JSX unless the '--jsx' flag is provided.
components/IncidentLogPage.tsx(141,29): error TS17004: Cannot use JSX unless the '--jsx' flag is provided.
components/IncidentLogPage.tsx(143,25): error TS17004: Cannot use JSX unless the '--jsx' flag is provided.
components/IncidentLogPage.tsx(145,21): error TS17004: Cannot use JSX unless the '--jsx' flag is provided.
components/IncidentLogPage.tsx(146,25): error TS17004: Cannot use JSX unless the '--jsx' flag is provided.
components/IncidentLogPage.tsx(147,25): error TS17004: Cannot use JSX unless the '--jsx' flag is provided.
components/IncidentLogPage.tsx(151,17): error TS17004: Cannot use JSX unless the '--jsx' flag is provided.
components/IncidentLogPage.tsx(152,21): error TS17004: Cannot use JSX unless the '--jsx' flag is provided.
components/IncidentLogPage.tsx(153,25): error TS17004: Cannot use JSX unless the '--jsx' flag is provided.
components/IncidentLogPage.tsx(154,29): error TS17004: Cannot use JSX unless the '--jsx' flag is provided.
components/IncidentLogPage.tsx(156,25): error TS17004: Cannot use JSX unless the '--jsx' flag is provided.
components/IncidentLogPage.tsx(158,21): error TS17004: Cannot use JSX unless the '--jsx' flag is provided.
components/IncidentLogPage.tsx(159,25): error TS17004: Cannot use JSX unless the '--jsx' flag is provided.
components/IncidentLogPage.tsx(160,25): error TS17004: Cannot use JSX unless the '--jsx' flag is provided.
components/IncidentLogPage.tsx(164,17): error TS17004: Cannot use JSX unless the '--jsx' flag is provided.
components/IncidentLogPage.tsx(165,21): error TS17004: Cannot use JSX unless the '--jsx' flag is provided.
components/IncidentLogPage.tsx(166,25): error TS17004: Cannot use JSX unless the '--jsx' flag is provided.
components/IncidentLogPage.tsx(167,29): error TS17004: Cannot use JSX unless the '--jsx' flag is provided.
components/IncidentLogPage.tsx(169,25): error TS17004: Cannot use JSX unless the '--jsx' flag is provided.
components/IncidentLogPage.tsx(171,21): error TS17004: Cannot use JSX unless the '--jsx' flag is provided.
components/IncidentLogPage.tsx(172,25): error TS17004: Cannot use JSX unless the '--jsx' flag is provided.
components/IncidentLogPage.tsx(173,25): error TS17004: Cannot use JSX unless the '--jsx' flag is provided.
components/IncidentLogPage.tsx(177,17): error TS17004: Cannot use JSX unless the '--jsx' flag is provided.
components/IncidentLogPage.tsx(178,21): error TS17004: Cannot use JSX unless the '--jsx' flag is provided.
components/IncidentLogPage.tsx(179,25): error TS17004: Cannot use JSX unless the '--jsx' flag is provided.
components/IncidentLogPage.tsx(180,29): error TS17004: Cannot use JSX unless the '--jsx' flag is provided.
components/IncidentLogPage.tsx(182,25): error TS17004: Cannot use JSX unless the '--jsx' flag is provided.
components/IncidentLogPage.tsx(184,21): error TS17004: Cannot use JSX unless the '--jsx' flag is provided.
components/IncidentLogPage.tsx(185,25): error TS17004: Cannot use JSX unless the '--jsx' flag is provided.
components/IncidentLogPage.tsx(186,25): error TS17004: Cannot use JSX unless the '--jsx' flag is provided.
components/IncidentLogPage.tsx(192,13): error TS17004: Cannot use JSX unless the '--jsx' flag is provided.
components/IncidentLogPage.tsx(193,17): error TS17004: Cannot use JSX unless the '--jsx' flag is provided.
components/IncidentLogPage.tsx(194,21): error TS17004: Cannot use JSX unless the '--jsx' flag is provided.
components/IncidentLogPage.tsx(195,25): error TS17004: Cannot use JSX unless the '--jsx' flag is provided.
components/IncidentLogPage.tsx(196,25): error TS17004: Cannot use JSX unless the '--jsx' flag is provided.
components/IncidentLogPage.tsx(197,29): error TS17004: Cannot use JSX unless the '--jsx' flag is provided.
components/IncidentLogPage.tsx(198,29): error TS17004: Cannot use JSX unless the '--jsx' flag is provided.
components/IncidentLogPage.tsx(208,21): error TS17004: Cannot use JSX unless the '--jsx' flag is provided.
components/IncidentLogPage.tsx(209,25): error TS17004: Cannot use JSX unless the '--jsx' flag is provided.
components/IncidentLogPage.tsx(210,25): error TS17004: Cannot use JSX unless the '--jsx' flag is provided.
components/IncidentLogPage.tsx(216,29): error TS17004: Cannot use JSX unless the '--jsx' flag is provided.
components/IncidentLogPage.tsx(217,29): error TS17004: Cannot use JSX unless the '--jsx' flag is provided.
components/IncidentLogPage.tsx(218,29): error TS17004: Cannot use JSX unless the '--jsx' flag is provided.
components/IncidentLogPage.tsx(219,29): error TS17004: Cannot use JSX unless the '--jsx' flag is provided.
components/IncidentLogPage.tsx(220,29): error TS17004: Cannot use JSX unless the '--jsx' flag is provided.
components/IncidentLogPage.tsx(224,21): error TS17004: Cannot use JSX unless the '--jsx' flag is provided.
components/IncidentLogPage.tsx(225,25): error TS17004: Cannot use JSX unless the '--jsx' flag is provided.
components/IncidentLogPage.tsx(226,25): error TS17004: Cannot use JSX unless the '--jsx' flag is provided.
components/IncidentLogPage.tsx(232,29): error TS17004: Cannot use JSX unless the '--jsx' flag is provided.
components/IncidentLogPage.tsx(233,29): error TS17004: Cannot use JSX unless the '--jsx' flag is provided.
components/IncidentLogPage.tsx(234,29): error TS17004: Cannot use JSX unless the '--jsx' flag is provided.
components/IncidentLogPage.tsx(235,29): error TS17004: Cannot use JSX unless the '--jsx' flag is provided.
components/IncidentLogPage.tsx(236,29): error TS17004: Cannot use JSX unless the '--jsx' flag is provided.
components/IncidentLogPage.tsx(240,21): error TS17004: Cannot use JSX unless the '--jsx' flag is provided.
components/IncidentLogPage.tsx(241,25): error TS17004: Cannot use JSX unless the '--jsx' flag is provided.
components/IncidentLogPage.tsx(242,29): error TS17004: Cannot use JSX unless the '--jsx' flag is provided.
components/IncidentLogPage.tsx(243,29): error TS17004: Cannot use JSX unless the '--jsx' flag is provided.
components/IncidentLogPage.tsx(251,25): error TS17004: Cannot use JSX unless the '--jsx' flag is provided.
components/IncidentLogPage.tsx(252,29): error TS17004: Cannot use JSX unless the '--jsx' flag is provided.
components/IncidentLogPage.tsx(253,29): error TS17004: Cannot use JSX unless the '--jsx' flag is provided.
components/IncidentLogPage.tsx(263,21): error TS17004: Cannot use JSX unless the '--jsx' flag is provided.
components/IncidentLogPage.tsx(273,25): error TS17004: Cannot use JSX unless the '--jsx' flag is provided.
components/IncidentLogPage.tsx(279,13): error TS17004: Cannot use JSX unless the '--jsx' flag is provided.
components/IncidentLogPage.tsx(281,17): error TS17004: Cannot use JSX unless the '--jsx' flag is provided.
components/IncidentLogPage.tsx(282,21): error TS17004: Cannot use JSX unless the '--jsx' flag is provided.
components/IncidentLogPage.tsx(283,21): error TS17004: Cannot use JSX unless the '--jsx' flag is provided.
components/IncidentLogPage.tsx(284,21): error TS17004: Cannot use JSX unless the '--jsx' flag is provided.
components/IncidentLogPage.tsx(285,25): error TS17004: Cannot use JSX unless the '--jsx' flag is provided.
components/IncidentLogPage.tsx(286,25): error TS17004: Cannot use JSX unless the '--jsx' flag is provided.
components/IncidentLogPage.tsx(290,17): error TS17004: Cannot use JSX unless the '--jsx' flag is provided.
components/IncidentLogPage.tsx(291,21): error TS17004: Cannot use JSX unless the '--jsx' flag is provided.
components/IncidentLogPage.tsx(292,25): error TS17004: Cannot use JSX unless the '--jsx' flag is provided.
components/IncidentLogPage.tsx(293,29): error TS17004: Cannot use JSX unless the '--jsx' flag is provided.
components/IncidentLogPage.tsx(294,33): error TS17004: Cannot use JSX unless the '--jsx' flag is provided.
components/IncidentLogPage.tsx(295,33): error TS17004: Cannot use JSX unless the '--jsx' flag is provided.
components/IncidentLogPage.tsx(296,33): error TS17004: Cannot use JSX unless the '--jsx' flag is provided.
components/IncidentLogPage.tsx(297,33): error TS17004: Cannot use JSX unless the '--jsx' flag is provided.
components/IncidentLogPage.tsx(298,33): error TS17004: Cannot use JSX unless the '--jsx' flag is provided.
components/IncidentLogPage.tsx(299,33): error TS17004: Cannot use JSX unless the '--jsx' flag is provided.
components/IncidentLogPage.tsx(300,33): error TS17004: Cannot use JSX unless the '--jsx' flag is provided.
components/IncidentLogPage.tsx(303,25): error TS17004: Cannot use JSX unless the '--jsx' flag is provided.
components/IncidentLogPage.tsx(310,41): error TS17004: Cannot use JSX unless the '--jsx' flag is provided.
components/IncidentLogPage.tsx(311,45): error TS17004: Cannot use JSX unless the '--jsx' flag is provided.
components/IncidentLogPage.tsx(312,49): error TS17004: Cannot use JSX unless the '--jsx' flag is provided.
components/IncidentLogPage.tsx(313,53): error TS17004: Cannot use JSX unless the '--jsx' flag is provided.
components/IncidentLogPage.tsx(314,57): error TS17004: Cannot use JSX unless the '--jsx' flag is provided.
components/IncidentLogPage.tsx(317,53): error TS17004: Cannot use JSX unless the '--jsx' flag is provided.
components/IncidentLogPage.tsx(318,57): error TS17004: Cannot use JSX unless the '--jsx' flag is provided.
components/IncidentLogPage.tsx(323,45): error TS17004: Cannot use JSX unless the '--jsx' flag is provided.
components/IncidentLogPage.tsx(324,49): error TS17004: Cannot use JSX unless the '--jsx' flag is provided.
components/IncidentLogPage.tsx(325,53): error TS17004: Cannot use JSX unless the '--jsx' flag is provided.
components/IncidentLogPage.tsx(326,57): error TS17004: Cannot use JSX unless the '--jsx' flag is provided.
components/IncidentLogPage.tsx(329,57): error TS17004: Cannot use JSX unless the '--jsx' flag is provided.
components/IncidentLogPage.tsx(331,53): error TS17004: Cannot use JSX unless the '--jsx' flag is provided.
components/IncidentLogPage.tsx(332,57): error TS17004: Cannot use JSX unless the '--jsx' flag is provided.
components/IncidentLogPage.tsx(337,45): error TS17004: Cannot use JSX unless the '--jsx' flag is provided.
components/IncidentLogPage.tsx(338,49): error TS17004: Cannot use JSX unless the '--jsx' flag is provided.
components/IncidentLogPage.tsx(339,53): error TS17004: Cannot use JSX unless the '--jsx' flag is provided.
components/IncidentLogPage.tsx(340,53): error TS17004: Cannot use JSX unless the '--jsx' flag is provided.
components/IncidentLogPage.tsx(345,45): error TS17004: Cannot use JSX unless the '--jsx' flag is provided.
components/IncidentLogPage.tsx(346,49): error TS17004: Cannot use JSX unless the '--jsx' flag is provided.
components/IncidentLogPage.tsx(350,45): error TS17004: Cannot use JSX unless the '--jsx' flag is provided.
components/IncidentLogPage.tsx(351,49): error TS17004: Cannot use JSX unless the '--jsx' flag is provided.
components/IncidentLogPage.tsx(352,53): error TS17004: Cannot use JSX unless the '--jsx' flag is provided.
components/IncidentLogPage.tsx(353,53): error TS17004: Cannot use JSX unless the '--jsx' flag is provided.
components/IncidentLogPage.tsx(356,45): error TS17004: Cannot use JSX unless the '--jsx' flag is provided.
components/IncidentLogPage.tsx(357,49): error TS17004: Cannot use JSX unless the '--jsx' flag is provided.
components/IncidentLogPage.tsx(358,53): error TS17004: Cannot use JSX unless the '--jsx' flag is provided.
components/IncidentLogPage.tsx(359,53): error TS17004: Cannot use JSX unless the '--jsx' flag is provided.
components/IncidentLogPage.tsx(364,45): error TS17004: Cannot use JSX unless the '--jsx' flag is provided.
components/IncidentLogPage.tsx(365,49): error TS17004: Cannot use JSX unless the '--jsx' flag is provided.
components/IncidentLogPage.tsx(366,53): error TS17004: Cannot use JSX unless the '--jsx' flag is provided.
components/IncidentLogPage.tsx(367,57): error TS17004: Cannot use JSX unless the '--jsx' flag is provided.
components/IncidentLogPage.tsx(369,53): error TS17004: Cannot use JSX unless the '--jsx' flag is provided.
components/IncidentLogPage.tsx(370,57): error TS17004: Cannot use JSX unless the '--jsx' flag is provided.
components/IncidentLogPage.tsx(378,33): error TS17004: Cannot use JSX unless the '--jsx' flag is provided.
components/IncidentLogPage.tsx(379,37): error TS17004: Cannot use JSX unless the '--jsx' flag is provided.
components/IncidentLogPage.tsx(380,41): error TS17004: Cannot use JSX unless the '--jsx' flag is provided.
components/IncidentLogPage.tsx(381,45): error TS17004: Cannot use JSX unless the '--jsx' flag is provided.
components/IncidentLogPage.tsx(382,49): error TS17004: Cannot use JSX unless the '--jsx' flag is provided.
components/IncidentLogPage.tsx(384,45): error TS17004: Cannot use JSX unless the '--jsx' flag is provided.
components/IncidentLogPage.tsx(385,49): error TS17004: Cannot use JSX unless the '--jsx' flag is provided.
components/IncidentLogPage.tsx(386,49): error TS17004: Cannot use JSX unless the '--jsx' flag is provided.
components/IncidentLogPage.tsx(397,17): error TS17004: Cannot use JSX unless the '--jsx' flag is provided.
components/IncidentLogPage.tsx(398,21): error TS17004: Cannot use JSX unless the '--jsx' flag is provided.
components/IncidentLogPage.tsx(399,25): error TS17004: Cannot use JSX unless the '--jsx' flag is provided.
components/IncidentLogPage.tsx(400,25): error TS17004: Cannot use JSX unless the '--jsx' flag is provided.
components/IncidentLogPage.tsx(401,29): error TS17004: Cannot use JSX unless the '--jsx' flag is provided.
components/IncidentLogPage.tsx(401,80): error TS17004: Cannot use JSX unless the '--jsx' flag is provided.
components/IncidentLogPage.tsx(402,29): error TS17004: Cannot use JSX unless the '--jsx' flag is provided.
components/IncidentLogPage.tsx(402,75): error TS17004: Cannot use JSX unless the '--jsx' flag is provided.
components/IncidentLogPage.tsx(403,29): error TS17004: Cannot use JSX unless the '--jsx' flag is provided.
components/IncidentLogPage.tsx(403,75): error TS17004: Cannot use JSX unless the '--jsx' flag is provided.
components/IncidentLogPage.tsx(404,29): error TS17004: Cannot use JSX unless the '--jsx' flag is provided.
components/IncidentLogPage.tsx(404,80): error TS17004: Cannot use JSX unless the '--jsx' flag is provided.
components/IncidentLogPage.tsx(407,21): error TS17004: Cannot use JSX unless the '--jsx' flag is provided.
components/IncidentLogPage.tsx(408,25): error TS17004: Cannot use JSX unless the '--jsx' flag is provided.
components/IncidentLogPage.tsx(409,29): error TS17004: Cannot use JSX unless the '--jsx' flag is provided.
components/IncidentLogPage.tsx(410,29): error TS17004: Cannot use JSX unless the '--jsx' flag is provided.
components/IncidentLogPage.tsx(411,29): error TS17004: Cannot use JSX unless the '--jsx' flag is provided.
hooks/useFirebase.ts(2,8): error TS1259: Module '"D:/Truck-Maintenance-Management-System/node_modules/@types/react/index"' can only be default-imported using the 'esModuleInterop' flag
hooks/useInventory.ts(2,26): error TS6142: Module '../context/ToastContext' was resolved to 'D:/Truck-Maintenance-Management-System/context/ToastContext.tsx', but '--jsx' is not set.
